2026-02-16 11:13:48 [main] INFO  testCases.TC_002_HomeLoan - Capturing Screenshot and Extracting Year Wise Table Data
2026-02-16 11:13:52 [main] INFO  testCases.TC_002_HomeLoan - Writing Year Wise Table Data to Excel
2026-02-16 11:13:56 [main] INFO  testCases.TC_002_HomeLoan - **** Finished Test Case TC_002_HomeLoan ****
2026-02-16 11:13:56 [main] INFO  testCases.TC_002_HomeLoan - ====Test Suite Ended====
2026-02-16 11:14:00 [main] INFO  testCases.TC_003_EmiCalculatorValidation - ====Test Suite Started====
2026-02-16 11:14:00 [main] INFO  Listeners.DriverFactory - Initializing Chrome Driver
2026-02-16 11:14:02 [main] INFO  Listeners.DriverFactory - Navigating to EMI Calculator Website
2026-02-16 11:14:07 [main] INFO  testCases.TC_003_EmiCalculatorValidation - Browser launched
2026-02-16 11:14:07 [main] INFO  testCases.TC_003_EmiCalculatorValidation - Extent report initialized
2026-02-16 11:14:07 [main] INFO  testCases.TC_003_EmiCalculatorValidation - ****** Started TC_003_EmiCalculator Tab ******
2026-02-16 11:14:07 [main] INFO  testCases.TC_003_EmiCalculatorValidation - Validating Loan Amount Slider
2026-02-16 11:14:12 [main] INFO  testCases.TC_003_EmiCalculatorValidation - Validating Interest Rate Slider
2026-02-16 11:14:13 [main] INFO  testCases.TC_003_EmiCalculatorValidation - Validatig Loan Tenure Slider
2026-02-16 11:14:14 [main] INFO  testCases.TC_003_EmiCalculatorValidation - Validating Fee Slider
2026-02-16 11:14:15 [main] INFO  testCases.TC_003_EmiCalculatorValidation - ****** Completed TC_003_EmiCalculator ******
2026-02-16 11:14:15 [main] INFO  testCases.TC_003_EmiCalculatorValidation - ====Test Suite Ended====
2026-02-16 11:14:18 [main] INFO  testCases.TC_004_LoanAmountCalculator - ====Test Suite Started====
2026-02-16 11:14:18 [main] INFO  Listeners.DriverFactory - Initializing Chrome Driver
2026-02-16 11:14:20 [main] INFO  Listeners.DriverFactory - Navigating to EMI Calculator Website
2026-02-16 11:14:25 [main] INFO  testCases.TC_004_LoanAmountCalculator - Browser launched
2026-02-16 11:14:25 [main] INFO  testCases.TC_004_LoanAmountCalculator - Extent report initialized
2026-02-16 11:14:25 [main] INFO  testCases.TC_004_LoanAmountCalculator - ****** Started TC_004_LoanCalculator Tab ******
2026-02-16 11:14:25 [main] INFO  testCases.TC_004_LoanAmountCalculator - Validating EMI Slider
2026-02-16 11:14:30 [main] INFO  testCases.TC_004_LoanAmountCalculator - Validating Interest Rate Slider
2026-02-16 11:14:31 [main] INFO  testCases.TC_004_LoanAmountCalculator - Validatig Loan Tenure Slider
2026-02-16 11:14:32 [main] INFO  testCases.TC_004_LoanAmountCalculator - Validating Fee Slider
2026-02-16 11:14:33 [main] INFO  testCases.TC_004_LoanAmountCalculator - ****** Completed TC_004_LoanAmountCalculator ******
2026-02-16 11:14:33 [main] INFO  testCases.TC_004_LoanAmountCalculator - ====Test Suite Ended====
2026-02-16 11:14:36 [main] INFO  testCases.TC_005_LoanTenureCalculator - ====Test Suite Started====
2026-02-16 11:14:36 [main] INFO  Listeners.DriverFactory - Initializing Chrome Driver
2026-02-16 11:14:38 [main] INFO  Listeners.DriverFactory - Navigating to EMI Calculator Website
2026-02-16 11:14:43 [main] INFO  testCases.TC_005_LoanTenureCalculator - Browser launched
2026-02-16 11:14:43 [main] INFO  testCases.TC_005_LoanTenureCalculator - Extent report initialized
2026-02-16 11:14:43 [main] INFO  testCases.TC_005_LoanTenureCalculator - ****** Started TC_005_LoanTenureCalculator ******
2026-02-16 11:14:43 [main] INFO  testCases.TC_005_LoanTenureCalculator - Validating Loan Amount Slider
2026-02-16 11:14:48 [main] INFO  testCases.TC_005_LoanTenureCalculator - Validating EMI Slider
2026-02-16 11:14:49 [main] INFO  testCases.TC_005_LoanTenureCalculator - Validatig Interest Slider
2026-02-16 11:14:50 [main] INFO  testCases.TC_005_LoanTenureCalculator - Validating Fee Slider
2026-02-16 11:14:51 [main] INFO  testCases.TC_005_LoanTenureCalculator - ****** Completed TC_005_LoanTenureCalculator ******
2026-02-16 11:14:51 [main] INFO  testCases.TC_005_LoanTenureCalculator - ====Test Suite Ended====
